[2025-05-16 14:14:07] Saved timing data for content ID unknown, line 0
[2025-05-16 14:14:10] Saved timing data for content ID unknown, line 1
[2025-05-16 14:19:04] Database error: Database connection failed: SQLSTATE[HY000] [1045] Access denied for user 'root'@'localhost' (using password: NO)
[2025-05-16 14:19:06] Database error: Database connection failed: SQLSTATE[HY000] [1045] Access denied for user 'root'@'localhost' (using password: NO)
[2025-05-16 14:20:00] Saved timing data for content ID unknown, line 0
[2025-05-16 14:20:02] Saved timing data for content ID unknown, line 1
[2025-05-16 14:20:10] Saved timing data for content ID unknown, line 2
[2025-05-16 14:20:11] Saved timing data for content ID unknown, line 3
[2025-05-16 14:20:11] Saved timing data for content ID unknown, line 4
[2025-05-16 14:20:31] Saved timing data for content ID unknown, line 5
[2025-05-16 14:20:33] Saved timing data for content ID unknown, line 6
[2025-05-16 14:20:34] Saved timing data for content ID unknown, line 7
[2025-05-16 14:20:43] Saved timing data for content ID unknown, line 8
[2025-05-16 14:20:45] Saved timing data for content ID unknown, line 9
[2025-05-16 14:23:55] Saved timing data for content ID unknown, line 0
[2025-05-16 14:32:37] Saved timing data for content ID unknown, line 3
[2025-05-16 14:32:37] Saved timing data for content ID unknown, line 4
[2025-05-16 14:32:39] Saved timing data for content ID unknown, line 5
[2025-05-16 14:32:44] Saved timing data for content ID unknown, line 6
[2025-05-16 14:32:54] Saved timing data for content ID unknown, line 5
[2025-05-16 14:33:18] Saved timing data for content ID unknown, line 3
[2025-05-16 14:33:18] Saved timing data for content ID unknown, line 4
[2025-05-16 14:33:19] Saved timing data for content ID unknown, line 5
[2025-05-16 14:33:23] Saved timing data for content ID unknown, line 0
[2025-05-16 14:33:25] Saved timing data for content ID unknown, line 1
[2025-05-16 14:34:17] Saved timing data for content ID unknown, line 3
[2025-05-16 14:34:17] Saved timing data for content ID unknown, line 4
[2025-05-16 14:34:18] Saved timing data for content ID unknown, line 5
[2025-05-16 14:34:24] Saved timing data for content ID unknown, line 6
[2025-05-16 14:34:33] Saved timing data for content ID unknown, line 5
[2025-05-16 14:34:40] Saved timing data for content ID unknown, line 4
[2025-05-16 14:34:47] Saved timing data for content ID unknown, line 3
[2025-05-16 14:34:50] Saved timing data for content ID unknown, line 2
[2025-05-16 14:34:54] Saved timing data for content ID unknown, line 1
[2025-05-16 14:36:53] Saved timing data for content ID unknown, line 3
[2025-05-16 14:36:53] Saved timing data for content ID unknown, line 4
[2025-05-16 14:36:54] Saved timing data for content ID unknown, line 5
[2025-05-16 14:37:00] Saved timing data for content ID unknown, line 6
[2025-05-16 14:37:09] Saved timing data for content ID unknown, line 5
[2025-05-16 14:37:16] Saved timing data for content ID unknown, line 4
[2025-05-16 14:37:23] Saved timing data for content ID unknown, line 3
[2025-05-16 14:37:26] Saved timing data for content ID unknown, line 2
[2025-05-16 14:37:30] Saved timing data for content ID unknown, line 1
[2025-05-16 14:37:40] Saved timing data for content ID unknown, line 3
[2025-05-16 14:37:40] Saved timing data for content ID unknown, line 4
[2025-05-16 14:37:41] Saved timing data for content ID unknown, line 5
[2025-05-16 14:37:48] Saved timing data for content ID unknown, line 0
[2025-05-16 14:37:48] Saved timing data for content ID unknown, line 1
[2025-05-16 14:37:48] Saved timing data for content ID unknown, line 2
[2025-05-16 14:37:49] Saved timing data for content ID unknown, line 3
[2025-05-16 14:37:49] Saved timing data for content ID unknown, line 4
[2025-05-16 14:44:12] Saved timing data for content ID unknown, line 3
[2025-05-16 14:44:12] Saved timing data for content ID unknown, line 4
[2025-05-16 14:44:13] Saved timing data for content ID unknown, line 5
[2025-05-16 14:44:34] Saved timing data for content ID unknown, line 3
[2025-05-16 14:44:35] Saved timing data for content ID unknown, line 4
[2025-05-16 14:44:36] Saved timing data for content ID unknown, line 5
[2025-05-16 14:44:44] Saved timing data for content ID unknown, line 3
[2025-05-16 14:44:44] Saved timing data for content ID unknown, line 4
[2025-05-16 14:44:45] Saved timing data for content ID unknown, line 5
[2025-05-16 14:49:50] Saved timing data for content ID unknown, line 3
[2025-05-16 14:49:50] Saved timing data for content ID unknown, line 4
[2025-05-16 14:49:51] Saved timing data for content ID unknown, line 5
[2025-05-16 14:49:51] Saved timing data for content ID unknown, line 6
[2025-05-16 15:10:36] Saved timing data for content ID unknown, line 0
[2025-05-16 15:11:12] Saved timing data for content ID unknown, line 0
[2025-05-16 15:11:27] Saved timing data for content ID unknown, line 1
[2025-05-16 15:12:41] Saved timing data for content ID unknown, line 0
[2025-05-16 15:15:47] Saved timing data for content ID unknown, line 0
[2025-05-16 15:15:51] Saved timing data for content ID unknown, line 1
[2025-05-16 15:15:55] Saved timing data for content ID unknown, line 2
[2025-05-16 15:16:00] Saved timing data for content ID unknown, line 3
[2025-05-16 15:16:04] Saved timing data for content ID unknown, line 4
[2025-05-16 15:16:08] Saved timing data for content ID unknown, line 5
[2025-05-16 15:16:12] Saved timing data for content ID unknown, line 6
[2025-05-16 15:16:17] Saved timing data for content ID unknown, line 7
[2025-05-16 15:16:21] Saved timing data for content ID unknown, line 8
[2025-05-16 15:16:25] Saved timing data for content ID unknown, line 9
[2025-05-16 15:16:29] Saved timing data for content ID unknown, line 10
[2025-05-16 15:16:34] Saved timing data for content ID unknown, line 11
[2025-05-16 15:16:38] Saved timing data for content ID unknown, line 12
[2025-05-16 15:16:42] Saved timing data for content ID unknown, line 13
[2025-05-16 15:16:46] Saved timing data for content ID unknown, line 14
[2025-05-16 15:16:51] Saved timing data for content ID unknown, line 15
[2025-05-16 15:16:55] Saved timing data for content ID unknown, line 16
[2025-05-16 15:16:59] Saved timing data for content ID unknown, line 17
[2025-05-16 15:17:03] Saved timing data for content ID unknown, line 18
[2025-05-16 15:17:08] Saved timing data for content ID unknown, line 19
[2025-05-16 15:17:12] Saved timing data for content ID unknown, line 20
[2025-05-16 15:17:16] Saved timing data for content ID unknown, line 21
[2025-05-16 15:17:20] Saved timing data for content ID unknown, line 22
[2025-05-16 15:17:25] Saved timing data for content ID unknown, line 23
[2025-05-16 15:17:29] Saved timing data for content ID unknown, line 24
[2025-05-16 15:17:33] Saved timing data for content ID unknown, line 25
[2025-05-16 15:17:37] Saved timing data for content ID unknown, line 26
[2025-05-16 15:17:42] Saved timing data for content ID unknown, line 27
[2025-05-16 15:17:46] Saved timing data for content ID unknown, line 28
[2025-05-16 15:17:50] Saved timing data for content ID unknown, line 29
[2025-05-16 15:17:54] Saved timing data for content ID unknown, line 30
[2025-05-16 15:17:59] Saved timing data for content ID unknown, line 31
[2025-05-16 15:18:03] Saved timing data for content ID unknown, line 32
[2025-05-16 15:18:07] Saved timing data for content ID unknown, line 33
[2025-05-16 15:18:11] Saved timing data for content ID unknown, line 34
[2025-05-16 15:18:16] Saved timing data for content ID unknown, line 35
[2025-05-16 15:18:20] Saved timing data for content ID unknown, line 36
[2025-05-16 15:18:24] Saved timing data for content ID unknown, line 37
[2025-05-16 15:18:28] Saved timing data for content ID unknown, line 38
[2025-05-16 15:19:32] Saved timing data for content ID unknown, line 0, take take-16d79f24-2025-05-16
[2025-05-16 15:19:36] Saved timing data for content ID unknown, line 1, take take-16d79f24-2025-05-16
[2025-05-16 15:19:40] Saved timing data for content ID unknown, line 2, take take-16d79f24-2025-05-16
[2025-05-16 15:19:45] Saved timing data for content ID unknown, line 3, take take-16d79f24-2025-05-16
[2025-05-16 15:19:55] Saved timing data for content ID unknown, line 0, take take-13d08db4-2025-05-16
[2025-05-16 15:19:59] Saved timing data for content ID unknown, line 1, take take-13d08db4-2025-05-16
[2025-05-16 15:20:04] Saved timing data for content ID unknown, line 2, take take-13d08db4-2025-05-16
[2025-05-16 15:20:13] Saved timing data for content ID unknown, line 0, take take-101c8a3e-2025-05-16
[2025-05-16 15:20:16] Saved timing data for content ID unknown, line 1, take take-101c8a3e-2025-05-16
[2025-05-16 15:20:19] Saved timing data for content ID unknown, line 2, take take-101c8a3e-2025-05-16
[2025-05-20 07:50:28] Saved timing data for content ID 8848, line 0, take take-10e70282-2025-05-20
[2025-05-20 07:50:33] Saved timing data for content ID 8848, line 1, take take-10e70282-2025-05-20
[2025-05-20 07:50:37] Saved timing data for content ID 8848, line 2, take take-10e70282-2025-05-20
[2025-05-20 07:50:41] Saved timing data for content ID 8848, line 3, take take-10e70282-2025-05-20
[2025-05-20 07:50:52] Saved timing data for content ID 8848, line 0, take take-50d9e124-2025-05-20
[2025-05-20 07:50:57] Saved timing data for content ID 8848, line 1, take take-50d9e124-2025-05-20
[2025-05-20 07:51:01] Saved timing data for content ID 8848, line 2, take take-50d9e124-2025-05-20
[2025-05-20 07:51:06] Saved timing data for content ID 8848, line 3, take take-50d9e124-2025-05-20
[2025-05-20 07:59:34] Saved timing data for content ID 8848, line 0, take take-633be8de-2025-05-20
[2025-05-20 07:59:37] Saved timing data for content ID 8848, line 1, take take-633be8de-2025-05-20
[2025-05-20 07:59:40] Saved timing data for content ID 8848, line 2, take take-633be8de-2025-05-20
[2025-05-20 07:59:43] Saved timing data for content ID 8848, line 3, take take-633be8de-2025-05-20
[2025-05-20 07:59:46] Saved timing data for content ID 8848, line 4, take take-633be8de-2025-05-20
[2025-05-20 07:59:49] Saved timing data for content ID 8848, line 5, take take-633be8de-2025-05-20
[2025-05-20 07:59:53] Saved timing data for content ID 8848, line 6, take take-633be8de-2025-05-20
[2025-05-20 07:59:55] Saved timing data for content ID 8848, line 7, take take-633be8de-2025-05-20
[2025-05-20 07:59:57] Saved timing data for content ID 8848, line 8, take take-633be8de-2025-05-20
[2025-05-20 07:59:58] Saved timing data for content ID 8848, line 9, take take-633be8de-2025-05-20
[2025-05-20 08:00:00] Saved timing data for content ID 8848, line 10, take take-633be8de-2025-05-20
[2025-05-20 08:09:31] Saved timing data for content ID 8848, line 0, take take-60e7d2d-2025-05-20
[2025-05-20 08:09:34] Saved timing data for content ID 8848, line 1, take take-60e7d2d-2025-05-20
[2025-05-20 08:09:36] Saved timing data for content ID 8848, line 2, take take-60e7d2d-2025-05-20
[2025-05-20 08:09:39] Saved timing data for content ID 8848, line 3, take take-60e7d2d-2025-05-20
[2025-05-20 08:09:41] Saved timing data for content ID 8848, line 4, take take-60e7d2d-2025-05-20
[2025-05-20 08:09:44] Saved timing data for content ID 8848, line 5, take take-60e7d2d-2025-05-20
[2025-05-20 08:09:46] Saved timing data for content ID 8848, line 6, take take-60e7d2d-2025-05-20
[2025-05-20 08:09:49] Saved timing data for content ID 8848, line 7, take take-60e7d2d-2025-05-20
[2025-05-20 08:09:51] Saved timing data for content ID 8848, line 8, take take-60e7d2d-2025-05-20
[2025-05-20 08:09:54] Saved timing data for content ID 8848, line 9, take take-60e7d2d-2025-05-20
[2025-05-20 08:09:56] Saved timing data for content ID 8848, line 10, take take-60e7d2d-2025-05-20
[2025-05-20 08:09:59] Saved timing data for content ID 8848, line 11, take take-60e7d2d-2025-05-20
[2025-05-20 08:10:01] Saved timing data for content ID 8848, line 12, take take-60e7d2d-2025-05-20
[2025-05-20 08:10:04] Saved timing data for content ID 8848, line 13, take take-60e7d2d-2025-05-20
[2025-05-20 08:10:06] Saved timing data for content ID 8848, line 14, take take-60e7d2d-2025-05-20
[2025-05-20 08:10:09] Saved timing data for content ID 8848, line 15, take take-60e7d2d-2025-05-20
[2025-05-20 08:10:11] Saved timing data for content ID 8848, line 16, take take-60e7d2d-2025-05-20
[2025-05-20 08:10:14] Saved timing data for content ID 8848, line 17, take take-60e7d2d-2025-05-20
[2025-05-20 08:10:16] Saved timing data for content ID 8848, line 18, take take-60e7d2d-2025-05-20
[2025-05-20 08:10:19] Saved timing data for content ID 8848, line 19, take take-60e7d2d-2025-05-20
[2025-05-20 08:10:21] Saved timing data for content ID 8848, line 20, take take-60e7d2d-2025-05-20
[2025-05-20 08:10:24] Saved timing data for content ID 8848, line 21, take take-60e7d2d-2025-05-20
[2025-05-20 08:10:26] Saved timing data for content ID 8848, line 22, take take-60e7d2d-2025-05-20
[2025-05-20 08:10:29] Saved timing data for content ID 8848, line 23, take take-60e7d2d-2025-05-20
[2025-05-20 08:10:31] Saved timing data for content ID 8848, line 24, take take-60e7d2d-2025-05-20
[2025-05-20 08:10:34] Saved timing data for content ID 8848, line 25, take take-60e7d2d-2025-05-20
[2025-05-20 08:10:36] Saved timing data for content ID 8848, line 26, take take-60e7d2d-2025-05-20
[2025-05-20 08:10:39] Saved timing data for content ID 8848, line 27, take take-60e7d2d-2025-05-20
[2025-05-20 08:10:41] Saved timing data for content ID 8848, line 28, take take-60e7d2d-2025-05-20
[2025-05-20 08:10:44] Saved timing data for content ID 8848, line 29, take take-60e7d2d-2025-05-20
[2025-05-20 08:10:46] Saved timing data for content ID 8848, line 30, take take-60e7d2d-2025-05-20
[2025-05-20 08:10:49] Saved timing data for content ID 8848, line 31, take take-60e7d2d-2025-05-20
[2025-05-20 08:10:51] Saved timing data for content ID 8848, line 32, take take-60e7d2d-2025-05-20
[2025-05-20 08:10:54] Saved timing data for content ID 8848, line 33, take take-60e7d2d-2025-05-20
[2025-05-20 08:10:56] Saved timing data for content ID 8848, line 34, take take-60e7d2d-2025-05-20
[2025-05-20 08:10:59] Saved timing data for content ID 8848, line 35, take take-60e7d2d-2025-05-20
[2025-05-20 08:11:01] Saved timing data for content ID 8848, line 36, take take-60e7d2d-2025-05-20
[2025-05-20 08:11:04] Saved timing data for content ID 8848, line 37, take take-60e7d2d-2025-05-20
[2025-05-20 08:11:06] Saved timing data for content ID 8848, line 38, take take-60e7d2d-2025-05-20
[2025-05-20 08:11:09] Saved timing data for content ID 8848, line 39, take take-60e7d2d-2025-05-20
[2025-05-20 08:11:12] Saved timing data for content ID 8848, line 40, take take-60e7d2d-2025-05-20
[2025-05-20 08:11:14] Saved timing data for content ID 8848, line 41, take take-60e7d2d-2025-05-20
[2025-05-20 08:11:16] Saved timing data for content ID 8848, line 42, take take-60e7d2d-2025-05-20
[2025-05-20 08:11:19] Saved timing data for content ID 8848, line 43, take take-60e7d2d-2025-05-20
[2025-05-20 08:11:21] Saved timing data for content ID 8848, line 44, take take-60e7d2d-2025-05-20
[2025-05-20 08:11:24] Saved timing data for content ID 8848, line 45, take take-60e7d2d-2025-05-20
[2025-05-20 08:11:27] Saved timing data for content ID 8848, line 46, take take-60e7d2d-2025-05-20
[2025-05-20 08:11:29] Saved timing data for content ID 8848, line 47, take take-60e7d2d-2025-05-20
[2025-05-20 08:11:32] Saved timing data for content ID 8848, line 48, take take-60e7d2d-2025-05-20
[2025-05-20 08:11:34] Saved timing data for content ID 8848, line 49, take take-60e7d2d-2025-05-20
[2025-05-20 08:11:37] Saved timing data for content ID 8848, line 50, take take-60e7d2d-2025-05-20
[2025-05-20 08:11:39] Saved timing data for content ID 8848, line 51, take take-60e7d2d-2025-05-20
[2025-05-20 08:11:42] Saved timing data for content ID 8848, line 52, take take-60e7d2d-2025-05-20
[2025-05-20 08:11:44] Saved timing data for content ID 8848, line 53, take take-60e7d2d-2025-05-20
[2025-05-20 08:11:47] Saved timing data for content ID 8848, line 54, take take-60e7d2d-2025-05-20
[2025-05-20 08:11:49] Saved timing data for content ID 8848, line 55, take take-60e7d2d-2025-05-20
[2025-05-20 08:11:52] Saved timing data for content ID 8848, line 56, take take-60e7d2d-2025-05-20
[2025-05-20 08:11:54] Saved timing data for content ID 8848, line 57, take take-60e7d2d-2025-05-20
[2025-05-20 08:11:57] Saved timing data for content ID 8848, line 58, take take-60e7d2d-2025-05-20
[2025-05-20 08:11:59] Saved timing data for content ID 8848, line 59, take take-60e7d2d-2025-05-20
[2025-05-20 08:12:02] Saved timing data for content ID 8848, line 60, take take-60e7d2d-2025-05-20
[2025-05-20 08:12:09] Saved timing data for content ID 8848, line 0, take take-458dc5d5-2025-05-20
[2025-05-20 08:12:12] Saved timing data for content ID 8848, line 1, take take-458dc5d5-2025-05-20
[2025-05-20 08:12:14] Saved timing data for content ID 8848, line 2, take take-458dc5d5-2025-05-20
[2025-05-20 08:12:17] Saved timing data for content ID 8848, line 3, take take-458dc5d5-2025-05-20
[2025-05-20 08:12:19] Saved timing data for content ID 8848, line 4, take take-458dc5d5-2025-05-20
[2025-05-20 08:12:22] Saved timing data for content ID 8848, line 5, take take-458dc5d5-2025-05-20
[2025-05-20 08:12:24] Saved timing data for content ID 8848, line 6, take take-458dc5d5-2025-05-20
[2025-05-20 08:12:27] Saved timing data for content ID 8848, line 7, take take-458dc5d5-2025-05-20
[2025-05-20 08:12:29] Saved timing data for content ID 8848, line 8, take take-458dc5d5-2025-05-20
[2025-05-20 08:12:32] Saved timing data for content ID 8848, line 9, take take-458dc5d5-2025-05-20
[2025-05-20 08:12:34] Saved timing data for content ID 8848, line 10, take take-458dc5d5-2025-05-20
[2025-05-20 08:12:37] Saved timing data for content ID 8848, line 11, take take-458dc5d5-2025-05-20
[2025-05-20 08:12:39] Saved timing data for content ID 8848, line 12, take take-458dc5d5-2025-05-20
[2025-05-20 08:12:42] Saved timing data for content ID 8848, line 13, take take-458dc5d5-2025-05-20
[2025-05-20 08:12:44] Saved timing data for content ID 8848, line 14, take take-458dc5d5-2025-05-20
[2025-05-20 08:12:47] Saved timing data for content ID 8848, line 15, take take-458dc5d5-2025-05-20
[2025-05-20 08:12:49] Saved timing data for content ID 8848, line 16, take take-458dc5d5-2025-05-20
[2025-05-20 08:12:52] Saved timing data for content ID 8848, line 17, take take-458dc5d5-2025-05-20
[2025-05-20 08:12:54] Saved timing data for content ID 8848, line 18, take take-458dc5d5-2025-05-20
[2025-05-20 08:12:57] Saved timing data for content ID 8848, line 19, take take-458dc5d5-2025-05-20
[2025-05-20 08:12:59] Saved timing data for content ID 8848, line 20, take take-458dc5d5-2025-05-20
[2025-05-20 08:13:02] Saved timing data for content ID 8848, line 21, take take-458dc5d5-2025-05-20
[2025-05-20 08:13:04] Saved timing data for content ID 8848, line 22, take take-458dc5d5-2025-05-20
[2025-05-20 08:13:07] Saved timing data for content ID 8848, line 23, take take-458dc5d5-2025-05-20
[2025-05-20 08:13:09] Saved timing data for content ID 8848, line 24, take take-458dc5d5-2025-05-20
[2025-05-20 08:13:12] Saved timing data for content ID 8848, line 25, take take-458dc5d5-2025-05-20
[2025-05-20 08:13:14] Saved timing data for content ID 8848, line 26, take take-458dc5d5-2025-05-20
[2025-05-20 08:13:17] Saved timing data for content ID 8848, line 27, take take-458dc5d5-2025-05-20
[2025-05-20 08:13:19] Saved timing data for content ID 8848, line 28, take take-458dc5d5-2025-05-20
[2025-05-20 08:13:22] Saved timing data for content ID 8848, line 29, take take-458dc5d5-2025-05-20
[2025-05-20 08:13:24] Saved timing data for content ID 8848, line 30, take take-458dc5d5-2025-05-20
[2025-05-20 08:13:27] Saved timing data for content ID 8848, line 31, take take-458dc5d5-2025-05-20
[2025-05-20 08:13:29] Saved timing data for content ID 8848, line 32, take take-458dc5d5-2025-05-20
[2025-05-20 08:13:32] Saved timing data for content ID 8848, line 33, take take-458dc5d5-2025-05-20
[2025-05-20 08:13:47] Saved timing data for content ID 8848, line 0, take take-213addd8-2025-05-20
[2025-05-20 08:13:50] Saved timing data for content ID 8848, line 1, take take-213addd8-2025-05-20
[2025-05-20 08:13:52] Saved timing data for content ID 8848, line 2, take take-213addd8-2025-05-20
[2025-05-20 08:13:55] Saved timing data for content ID 8848, line 3, take take-213addd8-2025-05-20
[2025-05-20 08:13:57] Saved timing data for content ID 8848, line 4, take take-213addd8-2025-05-20
[2025-05-20 08:14:00] Saved timing data for content ID 8848, line 5, take take-213addd8-2025-05-20
[2025-05-20 08:14:03] Saved timing data for content ID 8848, line 6, take take-213addd8-2025-05-20
[2025-05-20 08:14:05] Saved timing data for content ID 8848, line 7, take take-213addd8-2025-05-20
[2025-05-20 08:14:09] Saved timing data for content ID 8848, line 8, take take-213addd8-2025-05-20
[2025-05-20 08:14:10] Saved timing data for content ID 8848, line 9, take take-213addd8-2025-05-20
[2025-05-20 08:14:13] Saved timing data for content ID 8848, line 10, take take-213addd8-2025-05-20
[2025-05-20 08:14:15] Saved timing data for content ID 8848, line 11, take take-213addd8-2025-05-20
[2025-05-20 08:14:18] Saved timing data for content ID 8848, line 12, take take-213addd8-2025-05-20
[2025-05-20 08:14:20] Saved timing data for content ID 8848, line 13, take take-213addd8-2025-05-20
[2025-05-20 08:14:23] Saved timing data for content ID 8848, line 14, take take-213addd8-2025-05-20
[2025-05-20 08:14:25] Saved timing data for content ID 8848, line 15, take take-213addd8-2025-05-20
[2025-05-20 08:14:28] Saved timing data for content ID 8848, line 16, take take-213addd8-2025-05-20
[2025-05-20 08:14:30] Saved timing data for content ID 8848, line 17, take take-213addd8-2025-05-20
[2025-05-20 08:14:33] Saved timing data for content ID 8848, line 18, take take-213addd8-2025-05-20
[2025-05-20 08:14:35] Saved timing data for content ID 8848, line 19, take take-213addd8-2025-05-20
[2025-05-20 08:14:38] Saved timing data for content ID 8848, line 20, take take-213addd8-2025-05-20
[2025-05-20 08:14:40] Saved timing data for content ID 8848, line 21, take take-213addd8-2025-05-20
[2025-05-20 08:14:43] Saved timing data for content ID 8848, line 22, take take-213addd8-2025-05-20
[2025-05-20 11:04:56] Saved timing data for content ID 8848, line 0, take take-d8472ff-2025-05-20
[2025-05-20 11:04:58] Saved timing data for content ID 8848, line 1, take take-d8472ff-2025-05-20
[2025-05-20 11:05:01] Saved timing data for content ID 8848, line 2, take take-d8472ff-2025-05-20
[2025-05-20 11:05:03] Saved timing data for content ID 8848, line 3, take take-d8472ff-2025-05-20
[2025-05-20 11:05:06] Saved timing data for content ID 8848, line 4, take take-d8472ff-2025-05-20
[2025-05-20 11:05:08] Saved timing data for content ID 8848, line 5, take take-d8472ff-2025-05-20
[2025-05-20 11:05:11] Saved timing data for content ID 8848, line 6, take take-d8472ff-2025-05-20
[2025-05-20 11:05:14] Saved timing data for content ID 8848, line 7, take take-d8472ff-2025-05-20
[2025-05-20 11:05:16] Saved timing data for content ID 8848, line 8, take take-d8472ff-2025-05-20
[2025-05-20 11:05:19] Saved timing data for content ID 8848, line 9, take take-d8472ff-2025-05-20
[2025-05-20 11:05:21] Saved timing data for content ID 8848, line 10, take take-d8472ff-2025-05-20
[2025-05-20 11:05:24] Saved timing data for content ID 8848, line 11, take take-d8472ff-2025-05-20
[2025-05-20 11:05:26] Saved timing data for content ID 8848, line 12, take take-d8472ff-2025-05-20
[2025-05-20 11:05:29] Saved timing data for content ID 8848, line 13, take take-d8472ff-2025-05-20
[2025-05-20 11:05:31] Saved timing data for content ID 8848, line 14, take take-d8472ff-2025-05-20
[2025-05-20 11:05:34] Saved timing data for content ID 8848, line 15, take take-d8472ff-2025-05-20
[2025-05-20 11:05:38] Saved timing data for content ID 8848, line 16, take take-d8472ff-2025-05-20
[2025-05-20 11:05:41] Saved timing data for content ID 8848, line 17, take take-d8472ff-2025-05-20
[2025-05-20 11:05:44] Saved timing data for content ID 8848, line 18, take take-d8472ff-2025-05-20
[2025-05-20 11:05:48] Saved timing data for content ID 8848, line 19, take take-d8472ff-2025-05-20
[2025-05-20 11:05:51] Saved timing data for content ID 8848, line 20, take take-d8472ff-2025-05-20
[2025-05-20 11:05:54] Saved timing data for content ID 8848, line 21, take take-d8472ff-2025-05-20
[2025-05-20 11:05:57] Saved timing data for content ID 8848, line 22, take take-d8472ff-2025-05-20
[2025-05-20 11:06:00] Saved timing data for content ID 8848, line 23, take take-d8472ff-2025-05-20
[2025-05-20 11:06:05] Saved timing data for content ID 8848, line 24, take take-d8472ff-2025-05-20
[2025-05-20 11:06:09] Saved timing data for content ID 8848, line 25, take take-d8472ff-2025-05-20
[2025-05-20 11:06:12] Saved timing data for content ID 8848, line 26, take take-d8472ff-2025-05-20
[2025-05-20 11:06:16] Saved timing data for content ID 8848, line 27, take take-d8472ff-2025-05-20
[2025-05-20 11:06:19] Saved timing data for content ID 8848, line 28, take take-d8472ff-2025-05-20
[2025-05-20 11:06:23] Saved timing data for content ID 8848, line 29, take take-d8472ff-2025-05-20
[2025-05-20 11:06:26] Saved timing data for content ID 8848, line 30, take take-d8472ff-2025-05-20
[2025-05-20 11:17:10] Saved timing data for content ID 8848, line 0, take take-486d9386-2025-05-20
[2025-05-20 11:17:12] Saved timing data for content ID 8848, line 1, take take-486d9386-2025-05-20
[2025-05-20 11:17:15] Saved timing data for content ID 8848, line 2, take take-486d9386-2025-05-20
[2025-05-20 11:17:17] Saved timing data for content ID 8848, line 3, take take-486d9386-2025-05-20
[2025-05-20 11:17:20] Saved timing data for content ID 8848, line 4, take take-486d9386-2025-05-20
[2025-05-20 11:17:22] Saved timing data for content ID 8848, line 5, take take-486d9386-2025-05-20
[2025-05-20 11:17:58] Saved timing data for content ID 8848, line 0, take take-2c687eb8-2025-05-20
[2025-05-20 11:18:01] Saved timing data for content ID 8848, line 1, take take-2c687eb8-2025-05-20
[2025-05-20 11:18:05] Saved timing data for content ID 8848, line 2, take take-2c687eb8-2025-05-20
[2025-05-20 11:18:08] Saved timing data for content ID 8848, line 3, take take-2c687eb8-2025-05-20
[2025-05-20 11:18:11] Saved timing data for content ID 8848, line 4, take take-2c687eb8-2025-05-20
[2025-05-20 11:18:14] Saved timing data for content ID 8848, line 5, take take-2c687eb8-2025-05-20
[2025-05-20 11:18:18] Saved timing data for content ID 8848, line 6, take take-2c687eb8-2025-05-20
[2025-05-20 11:18:21] Saved timing data for content ID 8848, line 7, take take-2c687eb8-2025-05-20
[2025-05-20 11:18:24] Saved timing data for content ID 8848, line 8, take take-2c687eb8-2025-05-20
[2025-05-20 11:18:27] Saved timing data for content ID 8848, line 9, take take-2c687eb8-2025-05-20
[2025-05-20 11:18:31] Saved timing data for content ID 8848, line 10, take take-2c687eb8-2025-05-20
[2025-05-20 11:18:34] Saved timing data for content ID 8848, line 11, take take-2c687eb8-2025-05-20
[2025-05-20 11:18:37] Saved timing data for content ID 8848, line 12, take take-2c687eb8-2025-05-20
[2025-05-20 11:19:12] Saved timing data for content ID 8848, line 0, take 
[2025-05-20 11:19:13] Saved timing data for content ID 8848, line 1, take 
[2025-05-20 11:19:13] Saved timing data for content ID 8848, line 2, take 
[2025-05-20 11:19:13] Saved timing data for content ID 8848, line 3, take 
[2025-05-20 11:19:13] Saved timing data for content ID 8848, line 4, take 
[2025-05-20 11:19:13] Saved timing data for content ID 8848, line 5, take 
[2025-05-20 11:19:21] Saved timing data for content ID 8848, line 6, take 
[2025-05-20 11:19:21] Saved timing data for content ID 8848, line 7, take 
[2025-05-20 11:19:22] Saved timing data for content ID 8848, line 8, take 
[2025-05-20 11:19:23] Saved timing data for content ID 8848, line 9, take 
[2025-05-20 11:19:24] Saved timing data for content ID 8848, line 10, take 
[2025-05-20 11:20:09] Saved timing data for content ID 8848, line 0, take take-51e28478-2025-05-20
[2025-05-20 11:20:12] Saved timing data for content ID 8848, line 1, take take-51e28478-2025-05-20
[2025-05-20 11:20:16] Saved timing data for content ID 8848, line 2, take take-51e28478-2025-05-20
[2025-05-20 11:20:19] Saved timing data for content ID 8848, line 3, take take-51e28478-2025-05-20
[2025-05-20 11:20:22] Saved timing data for content ID 8848, line 4, take take-51e28478-2025-05-20
[2025-05-20 11:20:25] Saved timing data for content ID 8848, line 5, take take-51e28478-2025-05-20
[2025-05-20 11:20:29] Saved timing data for content ID 8848, line 6, take take-51e28478-2025-05-20
[2025-05-20 11:20:32] Saved timing data for content ID 8848, line 7, take take-51e28478-2025-05-20
[2025-05-20 11:20:35] Saved timing data for content ID 8848, line 8, take take-51e28478-2025-05-20
[2025-05-20 11:20:38] Saved timing data for content ID 8848, line 9, take take-51e28478-2025-05-20
[2025-05-20 11:20:42] Saved timing data for content ID 8848, line 10, take take-51e28478-2025-05-20
[2025-05-20 11:20:45] Saved timing data for content ID 8848, line 11, take take-51e28478-2025-05-20
[2025-05-20 11:20:48] Saved timing data for content ID 8848, line 12, take take-51e28478-2025-05-20
[2025-05-20 11:20:51] Saved timing data for content ID 8848, line 13, take take-51e28478-2025-05-20
[2025-05-20 11:20:55] Saved timing data for content ID 8848, line 14, take take-51e28478-2025-05-20
[2025-05-20 11:22:28] Saved timing data for content ID 8848, line 0, take 
[2025-05-20 11:22:28] Saved timing data for content ID 8848, line 1, take 
[2025-05-20 11:22:28] Saved timing data for content ID 8848, line 2, take 
[2025-05-20 11:22:28] Saved timing data for content ID 8848, line 3, take 
[2025-05-20 11:22:28] Saved timing data for content ID 8848, line 4, take 
[2025-05-20 11:22:28] Saved timing data for content ID 8848, line 5, take 
[2025-05-20 11:22:29] Saved timing data for content ID 8848, line 6, take 
[2025-05-20 11:22:29] Saved timing data for content ID 8848, line 7, take 
[2025-05-20 11:22:30] Saved timing data for content ID 8848, line 8, take 
[2025-05-20 11:22:32] Saved timing data for content ID 8848, line 9, take 
[2025-05-20 11:22:48] Saved timing data for content ID 8848, line 10, take 
[2025-05-20 11:22:49] Saved timing data for content ID 8848, line 9, take 
[2025-05-20 11:22:50] Saved timing data for content ID 8848, line 10, take 
[2025-05-20 11:22:51] Saved timing data for content ID 8848, line 11, take 
[2025-05-20 11:22:57] Saved timing data for content ID 8848, line 12, take 
[2025-05-20 11:23:12] Saved timing data for content ID 8848, line 13, take 
[2025-05-20 11:23:13] Saved timing data for content ID 8848, line 14, take 
[2025-05-20 11:23:14] Saved timing data for content ID 8848, line 15, take 
[2025-05-20 11:23:15] Saved timing data for content ID 8848, line 14, take 
[2025-05-20 11:23:33] Saved timing data for content ID 8848, line 13, take 
[2025-05-20 11:26:53] Saved timing data for content ID 8848, line 0, take 
[2025-05-20 11:26:53] Saved timing data for content ID 8848, line 1, take 
[2025-05-20 11:26:53] Saved timing data for content ID 8848, line 2, take 
[2025-05-20 11:26:54] Saved timing data for content ID 8848, line 3, take 
[2025-05-20 11:26:54] Saved timing data for content ID 8848, line 4, take 
[2025-05-20 11:27:02] Saved timing data for content ID 8848, line 5, take 
[2025-05-20 11:27:04] Saved timing data for content ID 8848, line 6, take 
[2025-05-20 11:27:04] Saved timing data for content ID 8848, line 5, take 
[2025-05-20 11:27:04] Saved timing data for content ID 8848, line 4, take 
[2025-05-20 11:27:04] Saved timing data for content ID 8848, line 3, take 
[2025-05-20 11:27:04] Saved timing data for content ID 8848, line 2, take 
[2025-05-20 11:27:05] Saved timing data for content ID 8848, line 1, take 
[2025-05-20 11:27:36] Saved timing data for content ID 8848, line 0, take take-a6d1e0f-2025-05-20
[2025-05-20 11:27:38] Saved timing data for content ID 8848, line 0, take 
[2025-05-20 11:27:39] Saved timing data for content ID 8848, line 1, take 
[2025-05-20 11:27:39] Saved timing data for content ID 8848, line 2, take 
[2025-05-20 11:27:47] Saved timing data for content ID 8848, line 3, take 
[2025-05-20 11:27:56] Saved timing data for content ID 8848, line 4, take 
[2025-05-20 11:27:57] Saved timing data for content ID 8848, line 5, take 
[2025-05-20 11:28:02] Saved timing data for content ID 8848, line 6, take 
[2025-05-20 11:28:03] Saved timing data for content ID 8848, line 7, take 
[2025-05-20 11:28:04] Saved timing data for content ID 8848, line 8, take 
[2025-05-20 11:28:10] Saved timing data for content ID 8848, line 9, take 
[2025-05-20 11:28:18] Saved timing data for content ID 8848, line 10, take 
[2025-05-20 11:28:24] Saved timing data for content ID 8848, line 11, take 
[2025-05-20 11:28:30] Saved timing data for content ID 8848, line 12, take 
[2025-05-20 11:28:34] Saved timing data for content ID 8848, line 13, take 
[2025-05-20 11:28:46] Saved timing data for content ID 8848, line 14, take 
[2025-05-20 11:28:47] Saved timing data for content ID 8848, line 15, take 
[2025-05-20 11:28:48] Saved timing data for content ID 8848, line 16, take 
[2025-05-20 11:29:30] Saved timing data for content ID 8848, line 17, take 
[2025-05-20 11:29:30] Saved timing data for content ID 8848, line 16, take 
[2025-05-20 11:29:30] Saved timing data for content ID 8848, line 15, take 
[2025-05-20 11:29:32] Saved timing data for content ID 8848, line 14, take 
[2025-05-20 11:29:32] Saved timing data for content ID 8848, line 13, take 
[2025-05-20 11:29:33] Saved timing data for content ID 8848, line 12, take 
[2025-05-20 11:29:33] Saved timing data for content ID 8848, line 11, take 
[2025-05-20 11:29:34] Saved timing data for content ID 8848, line 10, take 
[2025-05-20 11:29:35] Saved timing data for content ID 8848, line 9, take 
[2025-05-20 11:29:35] Saved timing data for content ID 8848, line 8, take 
[2025-05-20 11:29:36] Saved timing data for content ID 8848, line 7, take 
[2025-05-20 11:29:37] Saved timing data for content ID 8848, line 6, take 
[2025-05-20 11:29:38] Saved timing data for content ID 8848, line 5, take 
[2025-05-20 11:29:39] Saved timing data for content ID 8848, line 4, take 
[2025-05-20 11:29:39] Saved timing data for content ID 8848, line 3, take 
[2025-05-20 11:29:40] Saved timing data for content ID 8848, line 2, take 
[2025-05-20 11:29:47] Saved timing data for content ID 8848, line 1, take 
[2025-05-20 11:29:48] Saved timing data for content ID 8848, line 2, take 
[2025-05-20 11:29:52] Saved timing data for content ID 8848, line 3, take 
[2025-05-20 11:29:54] Saved timing data for content ID 8848, line 4, take 
[2025-05-20 11:29:54] Saved timing data for content ID 8848, line 5, take 
[2025-05-20 11:29:55] Saved timing data for content ID 8848, line 6, take 
[2025-05-20 11:29:55] Saved timing data for content ID 8848, line 7, take 
[2025-05-20 11:30:37] Saved timing data for content ID 8848, line 0, take 
[2025-05-20 11:30:38] Saved timing data for content ID 8848, line 1, take 
[2025-05-20 11:30:38] Saved timing data for content ID 8848, line 2, take 
[2025-05-20 11:30:39] Saved timing data for content ID 8848, line 3, take 
[2025-05-20 11:32:21] Saved timing data for content ID unknown, line 0, take 
[2025-05-20 11:32:24] Saved timing data for content ID unknown, line 1, take 
[2025-05-20 11:34:47] Saved timing data for content ID unknown, line 0, take 
[2025-05-20 11:34:50] Saved timing data for content ID unknown, line 1, take 
[2025-05-20 11:36:35] Saved timing data for content ID unknown, line 0, take 
[2025-05-20 11:36:37] Saved timing data for content ID unknown, line 1, take 
[2025-05-20 11:36:38] Saved timing data for content ID unknown, line 2, take 
[2025-05-20 11:36:41] Saved timing data for content ID unknown, line 3, take 
[2025-05-20 11:36:43] Saved timing data for content ID unknown, line 4, take 
[2025-05-20 11:36:44] Saved timing data for content ID unknown, line 5, take 
[2025-05-20 11:36:46] Saved timing data for content ID unknown, line 6, take 
[2025-05-20 11:37:09] Saved timing data for content ID unknown, line 7, take 
[2025-05-20 11:37:12] Saved timing data for content ID unknown, line 8, take 
[2025-05-20 11:37:15] Saved timing data for content ID unknown, line 9, take 
[2025-05-20 11:37:17] Saved timing data for content ID unknown, line 10, take 
[2025-05-20 11:37:18] Saved timing data for content ID unknown, line 11, take 
[2025-05-20 11:37:19] Saved timing data for content ID unknown, line 12, take 
[2025-05-20 11:37:20] Saved timing data for content ID unknown, line 13, take 
[2025-05-20 11:37:20] Saved timing data for content ID unknown, line 14, take 
[2025-05-20 11:37:21] Saved timing data for content ID unknown, line 15, take 
[2025-05-20 11:37:22] Saved timing data for content ID unknown, line 16, take 
[2025-05-20 11:37:22] Saved timing data for content ID unknown, line 17, take 
[2025-05-20 11:37:24] Saved timing data for content ID unknown, line 18, take 
[2025-05-20 11:37:24] Saved timing data for content ID unknown, line 19, take 
[2025-05-20 11:37:24] Saved timing data for content ID unknown, line 20, take 
[2025-05-20 11:37:25] Saved timing data for content ID unknown, line 21, take 
[2025-05-20 11:37:26] Saved timing data for content ID unknown, line 22, take 
[2025-05-20 11:37:27] Saved timing data for content ID unknown, line 23, take 
[2025-05-20 11:37:28] Saved timing data for content ID unknown, line 24, take 
[2025-05-20 11:37:28] Saved timing data for content ID unknown, line 25, take 
[2025-05-20 11:37:29] Saved timing data for content ID unknown, line 26, take 
[2025-05-20 11:37:30] Saved timing data for content ID unknown, line 27, take 
[2025-05-20 11:37:31] Saved timing data for content ID unknown, line 28, take 
[2025-05-20 11:37:31] Saved timing data for content ID unknown, line 29, take 
[2025-05-20 11:37:32] Saved timing data for content ID unknown, line 30, take 
[2025-05-20 11:37:33] Saved timing data for content ID unknown, line 31, take 
[2025-05-20 11:37:33] Saved timing data for content ID unknown, line 32, take 
[2025-05-20 11:37:34] Saved timing data for content ID unknown, line 33, take 
[2025-05-20 11:37:34] Saved timing data for content ID unknown, line 34, take 
[2025-05-20 11:37:34] Saved timing data for content ID unknown, line 35, take 
[2025-05-20 11:37:34] Saved timing data for content ID unknown, line 36, take 
[2025-05-20 11:37:35] Saved timing data for content ID unknown, line 37, take 
[2025-05-20 11:37:41] Saved timing data for content ID unknown, line 0, take 
[2025-05-20 11:37:41] Saved timing data for content ID unknown, line 1, take 
[2025-05-20 11:37:42] Saved timing data for content ID unknown, line 2, take 
[2025-05-20 11:37:43] Saved timing data for content ID unknown, line 3, take 
[2025-05-20 11:37:43] Saved timing data for content ID unknown, line 4, take 
[2025-05-20 11:37:44] Saved timing data for content ID unknown, line 5, take 
[2025-05-20 11:37:44] Saved timing data for content ID unknown, line 6, take 
[2025-05-20 11:37:45] Saved timing data for content ID unknown, line 7, take 
[2025-05-20 11:37:46] Saved timing data for content ID unknown, line 8, take 
[2025-05-20 11:37:47] Saved timing data for content ID unknown, line 9, take 
[2025-05-20 11:37:48] Saved timing data for content ID unknown, line 10, take 
[2025-05-20 11:37:49] Saved timing data for content ID unknown, line 11, take 
[2025-05-20 11:37:50] Saved timing data for content ID unknown, line 12, take 
[2025-05-20 11:37:51] Saved timing data for content ID unknown, line 13, take 
[2025-05-20 11:37:51] Saved timing data for content ID unknown, line 14, take 
[2025-05-20 11:37:51] Saved timing data for content ID unknown, line 15, take 
[2025-05-20 11:37:52] Saved timing data for content ID unknown, line 16, take 
[2025-05-20 11:37:53] Saved timing data for content ID unknown, line 17, take 
[2025-05-20 11:37:53] Saved timing data for content ID unknown, line 18, take 
[2025-05-20 11:37:54] Saved timing data for content ID unknown, line 19, take 
[2025-05-20 11:37:54] Saved timing data for content ID unknown, line 20, take 
[2025-05-20 11:37:54] Saved timing data for content ID unknown, line 21, take 
[2025-05-20 11:37:55] Saved timing data for content ID unknown, line 22, take 
[2025-05-20 11:37:55] Saved timing data for content ID unknown, line 23, take 
[2025-05-20 11:37:55] Saved timing data for content ID unknown, line 24, take 
[2025-05-20 11:42:32] Saved timing data for content ID 8848, line 0, take take-404319a2-2025-05-20
[2025-05-20 11:42:32] Saved timing data for content ID 8848, line 0, take take-724e4ee8-2025-05-20
[2025-05-20 11:42:35] Saved timing data for content ID 8848, line 1, take take-404319a2-2025-05-20
[2025-05-20 11:42:35] Saved timing data for content ID 8848, line 1, take take-724e4ee8-2025-05-20
[2025-05-20 11:42:39] Saved timing data for content ID 8848, line 2, take take-404319a2-2025-05-20
[2025-05-20 11:42:39] Saved timing data for content ID 8848, line 2, take take-724e4ee8-2025-05-20
[2025-05-20 11:42:42] Saved timing data for content ID 8848, line 3, take take-404319a2-2025-05-20
[2025-05-20 11:42:42] Saved timing data for content ID 8848, line 3, take take-724e4ee8-2025-05-20
[2025-05-20 11:42:46] Saved timing data for content ID 8848, line 4, take take-404319a2-2025-05-20
[2025-05-20 11:42:46] Saved timing data for content ID 8848, line 4, take take-724e4ee8-2025-05-20
[2025-05-20 11:42:49] Saved timing data for content ID 8848, line 5, take take-724e4ee8-2025-05-20
[2025-05-20 11:42:53] Saved timing data for content ID 8848, line 6, take take-724e4ee8-2025-05-20
[2025-05-20 11:42:53] Saved timing data for content ID 8848, line 5, take take-404319a2-2025-05-20
[2025-05-20 11:42:56] Saved timing data for content ID 8848, line 7, take take-724e4ee8-2025-05-20
[2025-05-20 11:42:57] Saved timing data for content ID 8848, line 6, take take-404319a2-2025-05-20
[2025-05-20 11:43:00] Saved timing data for content ID 8848, line 8, take take-724e4ee8-2025-05-20
[2025-05-20 11:43:01] Saved timing data for content ID 8848, line 7, take take-404319a2-2025-05-20
[2025-05-20 11:43:03] Saved timing data for content ID 8848, line 9, take take-724e4ee8-2025-05-20
[2025-05-20 11:43:05] Saved timing data for content ID 8848, line 8, take take-404319a2-2025-05-20
[2025-05-20 11:43:07] Saved timing data for content ID 8848, line 10, take take-724e4ee8-2025-05-20
[2025-05-20 11:43:09] Saved timing data for content ID 8848, line 9, take take-404319a2-2025-05-20
[2025-05-20 11:43:10] Saved timing data for content ID 8848, line 11, take take-724e4ee8-2025-05-20
[2025-05-20 11:43:13] Saved timing data for content ID 8848, line 10, take take-404319a2-2025-05-20
[2025-05-20 11:43:14] Saved timing data for content ID 8848, line 12, take take-724e4ee8-2025-05-20
[2025-05-20 11:43:17] Saved timing data for content ID 8848, line 11, take take-404319a2-2025-05-20
[2025-05-20 11:43:17] Saved timing data for content ID 8848, line 13, take take-724e4ee8-2025-05-20
[2025-05-20 11:43:21] Saved timing data for content ID 8848, line 14, take take-724e4ee8-2025-05-20
[2025-05-20 11:43:21] Saved timing data for content ID 8848, line 12, take take-404319a2-2025-05-20
[2025-05-20 11:43:24] Saved timing data for content ID 8848, line 15, take take-724e4ee8-2025-05-20
[2025-05-20 11:43:25] Saved timing data for content ID 8848, line 13, take take-404319a2-2025-05-20
[2025-05-20 11:43:28] Saved timing data for content ID 8848, line 16, take take-724e4ee8-2025-05-20
[2025-05-20 11:43:29] Saved timing data for content ID 8848, line 14, take take-404319a2-2025-05-20
[2025-05-20 11:43:31] Saved timing data for content ID 8848, line 17, take take-724e4ee8-2025-05-20
[2025-05-20 11:43:33] Saved timing data for content ID 8848, line 15, take take-404319a2-2025-05-20
[2025-05-20 11:43:35] Saved timing data for content ID 8848, line 18, take take-724e4ee8-2025-05-20
[2025-05-20 11:43:37] Saved timing data for content ID 8848, line 16, take take-404319a2-2025-05-20
[2025-05-20 11:43:38] Saved timing data for content ID 8848, line 19, take take-724e4ee8-2025-05-20
[2025-05-20 11:43:41] Saved timing data for content ID 8848, line 17, take take-404319a2-2025-05-20
[2025-05-20 11:43:42] Saved timing data for content ID 8848, line 20, take take-724e4ee8-2025-05-20
[2025-05-20 11:43:45] Saved timing data for content ID 8848, line 18, take take-404319a2-2025-05-20
[2025-05-20 11:43:45] Saved timing data for content ID 8848, line 21, take take-724e4ee8-2025-05-20
[2025-05-20 11:43:49] Saved timing data for content ID 8848, line 22, take take-724e4ee8-2025-05-20
[2025-05-20 11:43:49] Saved timing data for content ID 8848, line 19, take take-404319a2-2025-05-20
[2025-05-20 11:43:52] Saved timing data for content ID 8848, line 23, take take-724e4ee8-2025-05-20
[2025-05-20 11:43:53] Saved timing data for content ID 8848, line 20, take take-404319a2-2025-05-20
[2025-05-20 11:43:56] Saved timing data for content ID 8848, line 24, take take-724e4ee8-2025-05-20
[2025-05-20 11:43:57] Saved timing data for content ID 8848, line 21, take take-404319a2-2025-05-20
[2025-05-20 11:43:59] Saved timing data for content ID 8848, line 25, take take-724e4ee8-2025-05-20
[2025-05-20 11:44:01] Saved timing data for content ID 8848, line 22, take take-404319a2-2025-05-20
[2025-05-20 11:44:03] Saved timing data for content ID 8848, line 26, take take-724e4ee8-2025-05-20
[2025-05-20 11:44:05] Saved timing data for content ID 8848, line 23, take take-404319a2-2025-05-20
[2025-05-20 11:44:06] Saved timing data for content ID 8848, line 27, take take-724e4ee8-2025-05-20
[2025-05-20 11:44:09] Saved timing data for content ID 8848, line 24, take take-404319a2-2025-05-20
[2025-05-20 11:44:10] Saved timing data for content ID 8848, line 28, take take-724e4ee8-2025-05-20
[2025-05-20 11:44:13] Saved timing data for content ID 8848, line 25, take take-404319a2-2025-05-20
[2025-05-20 11:44:13] Saved timing data for content ID 8848, line 29, take take-724e4ee8-2025-05-20
[2025-05-20 11:44:17] Saved timing data for content ID 8848, line 30, take take-724e4ee8-2025-05-20
[2025-05-20 11:44:17] Saved timing data for content ID 8848, line 26, take take-404319a2-2025-05-20
[2025-05-20 11:44:20] Saved timing data for content ID 8848, line 31, take take-724e4ee8-2025-05-20
[2025-05-20 11:44:22] Saved timing data for content ID 8848, line 27, take take-404319a2-2025-05-20
[2025-05-20 11:44:24] Saved timing data for content ID 8848, line 32, take take-724e4ee8-2025-05-20
[2025-05-20 11:44:26] Saved timing data for content ID 8848, line 28, take take-404319a2-2025-05-20
[2025-05-20 11:44:27] Saved timing data for content ID 8848, line 33, take take-724e4ee8-2025-05-20
[2025-05-20 11:44:30] Saved timing data for content ID 8848, line 29, take take-404319a2-2025-05-20
[2025-05-20 11:44:31] Saved timing data for content ID 8848, line 34, take take-724e4ee8-2025-05-20
[2025-05-20 11:44:34] Saved timing data for content ID 8848, line 35, take take-724e4ee8-2025-05-20
[2025-05-20 11:44:34] Saved timing data for content ID 8848, line 30, take take-404319a2-2025-05-20
[2025-05-20 11:44:38] Saved timing data for content ID 8848, line 36, take take-724e4ee8-2025-05-20
[2025-05-20 11:44:39] Saved timing data for content ID 8848, line 31, take take-404319a2-2025-05-20
